RuleID,Commit,File,SymlinkFile,Secret,SecretSHA,Match,StartLine,EndLine,StartColumn,EndColumn,Author,Message,Date,Email,Fingerprint
test-rule,0000000000000000,auth.py,,a secret,984ca5162200734c592148f1820b71057f098573d138666b48663e4e30cd8d3a,line containing secret,1,2,1,2,John Doe,opps,10-19-2003,johndoe@gmail.com,fingerprint
